// Jest Snapshot v1, https://goo.gl/fbAQLP

exports[`renders correctly Button 1`] = `
<View
  accessibilityState={
    {
      "busy": undefined,
      "checked": undefined,
      "disabled": undefined,
      "expanded": undefined,
      "selected": undefined,
    }
  }
  accessibilityValue={
    {
      "max": undefined,
      "min": undefined,
      "now": undefined,
      "text": undefined,
    }
  }
  accessible={true}
  collapsable={false}
  focusable={true}
  onBlur={[Function]}
  onClick={[Function]}
  onFocus={[Function]}
  onResponderGrant={[Function]}
  onResponderMove={[Function]}
  onResponderRelease={[Function]}
  onResponderTerminate={[Function]}
  onResponderTerminationRequest={[Function]}
  onStartShouldSetResponder={[Function]}
  style={
    [
      {
        "alignItems": "center",
        "borderRadius": 9999,
        "justifyContent": "center",
        "overflow": "hidden",
        "paddingHorizontal": 24,
        "paddingVertical": 12,
      },
      {
        "backgroundColor": "#628395",
      },
      undefined,
      false,
    ]
  }
>
  <Text
    style={
      [
        {
          "fontSize": 16,
          "fontWeight": "600",
        },
        {
          "color": "#FFFFFF",
        },
      ]
    }
  >
    Some title
  </Text>
</View>
`;
