// Jest Snapshot v1, https://goo.gl/fbAQLP

exports[`renders correctly ModelsScreen 1`] = `
<RCTScrollView
  contentInsetAdjustmentBehavior="automatic"
  style={
    [
      {
        "flex": 1,
        "paddingHorizontal": 16,
        "paddingTop": 16,
      },
      {
        "backgroundColor": "#FFFFFF",
      },
    ]
  }
>
  <View>
    <Text
      style={
        {
          "marginBottom": 16,
        }
      }
      variant="h4"
    >
      In use
    </Text>
    <ModelCard
      isSelected={true}
      model={
        {
          "author": "Qwen",
          "family": "Qwen3",
          "id": 1,
          "modelName": "Qwen3 4B Q4 K M",
          "modelSizeGB": 2.5,
          "parameterCountBillions": 4,
          "paths": [
            {
              "fileName": "Qwen_Qwen3-0.6B-Q4_K_M.gguf",
              "modelPath": "https://huggingface.co/NobodyWho/Qwen_Qwen3-0.6B-GGUF/resolve/main/Qwen_Qwen3-0.6B-Q4_K_M.gguf",
            },
          ],
          "pipeline": "textGeneration",
          "tags": [
            "Fast",
          ],
        }
      }
      onPress={[Function]}
    />
    <Text
      style={
        {
          "marginVertical": 16,
        }
      }
      variant="h4"
    >
      Ready to use
    </Text>
    <ListItem
      androidIconName="memory"
      iconBackgroundColor="#628395"
      iosIconName="cpu"
      onPress={[Function]}
      subtitle="1 models"
      title="Downloaded"
    />
    <Text
      style={
        {
          "marginVertical": 16,
        }
      }
      variant="h4"
    >
      Available to Download
    </Text>
    <ActivityIndicator
      color="#7c7c7c"
      style={
        {
          "marginTop": 16,
        }
      }
    />
  </View>
</RCTScrollView>
`;
