// Jest Snapshot v1, https://goo.gl/fbAQLP

exports[`renders correctly ProgressBar 1`] = `
<View
  style={
    [
      {
        "borderRadius": 4,
        "height": 8,
        "marginTop": 8,
        "overflow": "hidden",
      },
      {
        "backgroundColor": "#ebebeb",
      },
    ]
  }
>
  <View
    style={
      [
        {
          "borderRadius": 4,
          "height": "100%",
        },
        {
          "backgroundColor": "#628395",
          "width": "30%",
        },
      ]
    }
  />
</View>
`;
