// Jest Snapshot v1, https://goo.gl/fbAQLP

exports[`renders correctly ErrorScreen 1`] = `
<View
  style={
    [
      {
        "alignItems": "center",
        "flex": 1,
        "justifyContent": "center",
      },
      {
        "backgroundColor": "#FFFFFF",
      },
    ]
  }
>
  <PlatformIcon
    androidIconName="warning"
    color="#c1c1c1"
    iosIconName="exclamationmark.triangle"
    size={50}
  />
  <View
    style={
      {
        "alignItems": "center",
        "paddingVertical": 32,
      }
    }
  >
    <Text
      style={
        {
          "marginBottom": 16,
        }
      }
    >
      common.somethingWentWrong
    </Text>
    <Button
      icon={
        {
          "androidIconName": "refresh",
          "iosIconName": "arrow.clockwise",
        }
      }
      onPress={[Function]}
      title="common.retry"
    />
  </View>
</View>
`;
