// Jest Snapshot v1, https://goo.gl/fbAQLP

exports[`renders correctly ModelsScreen when empty 1`] = `
<View
  style={
    {
      "alignItems": "center",
      "flex": 1,
      "justifyContent": "center",
    }
  }
>
  <Text
    style={
      {
        "paddingBottom": 16,
      }
    }
    variant="h4"
  >
    screens.downloadedModels.noModelDownloaded
  </Text>
  <Button
    onPress={[Function]}
    title="screens.downloadedModels.downloadAModel"
  />
</View>
`;

exports[`renders downloaded models with one selected 1`] = `
<RCTScrollView
  contentInsetAdjustmentBehavior="automatic"
  style={
    [
      {
        "flex": 1,
        "paddingHorizontal": 16,
        "paddingTop": 16,
      },
      {
        "backgroundColor": "#FFFFFF",
      },
    ]
  }
>
  <View>
    <ModelCard
      isDownloaded={true}
      isSelected={false}
      model={
        {
          "audioIngestion": false,
          "author": "Author",
          "family": "Family",
          "id": 1,
          "imageIngestion": false,
          "languages": [],
          "name": "Model 1",
          "parameterCountBillions": 1,
          "parts": [],
          "pipeline": "textGeneration",
          "sizeGB": 1,
          "tags": [],
          "thinking": false,
        }
      }
      onPress={[Function]}
    />
    <ModelCard
      isDownloaded={true}
      isSelected={true}
      model={
        {
          "audioIngestion": false,
          "author": "Author",
          "family": "Family",
          "id": 2,
          "imageIngestion": false,
          "languages": [],
          "name": "Model 2",
          "parameterCountBillions": 1,
          "parts": [],
          "pipeline": "textGeneration",
          "sizeGB": 1,
          "tags": [],
          "thinking": false,
        }
      }
      onPress={[Function]}
    />
  </View>
</RCTScrollView>
`;
