// Jest Snapshot v1, https://goo.gl/fbAQLP

exports[`renders correctly MessageListItem for assistant 1`] = `
<View
  style={
    {
      "marginTop": 10,
      "marginVertical": 12,
    }
  }
/>
`;

exports[`renders correctly MessageListItem for user 1`] = `
<View
  style={
    [
      {
        "alignSelf": "flex-end",
        "borderRadius": 16,
        "marginVertical": 12,
        "maxWidth": "90%",
        "paddingHorizontal": 16,
        "paddingVertical": 12,
      },
      {
        "backgroundColor": "#ebebeb",
      },
    ]
  }
>
  <Text
    style={
      {
        "fontSize": 15,
        "lineHeight": 22,
      }
    }
  >
    Is the water wet?
  </Text>
</View>
`;
