// Jest Snapshot v1, https://goo.gl/fbAQLP

exports[`matches the snapshot 1`] = `
<View
  style={
    {
      "alignItems": "flex-end",
      "alignSelf": "flex-end",
      "marginVertical": 12,
      "maxWidth": "90%",
    }
  }
>
  <View
    accessibilityState={
      {
        "busy": undefined,
        "checked": undefined,
        "disabled": undefined,
        "expanded": undefined,
        "selected": undefined,
      }
    }
    accessibilityValue={
      {
        "max": undefined,
        "min": undefined,
        "now": undefined,
        "text": undefined,
      }
    }
    accessible={true}
    collapsable={false}
    focusable={true}
    onBlur={[Function]}
    onClick={[Function]}
    onFocus={[Function]}
    onResponderGrant={[Function]}
    onResponderMove={[Function]}
    onResponderRelease={[Function]}
    onResponderTerminate={[Function]}
    onResponderTerminationRequest={[Function]}
    onStartShouldSetResponder={[Function]}
    style={
      [
        {
          "borderRadius": 16,
          "paddingHorizontal": 16,
          "paddingVertical": 12,
        },
        {
          "backgroundColor": "#ebebeb",
        },
        false,
      ]
    }
  >
    <Text
      style={
        {
          "fontSize": 15,
          "lineHeight": 22,
        }
      }
    >
      Is the water wet?
    </Text>
  </View>
</View>
`;
