// Jest Snapshot v1, https://goo.gl/fbAQLP

exports[`renders correctly ShimmerText 1`] = `
<View
  onLayout={[Function]}
  style={
    [
      {
        "flexShrink": 1,
      },
      false,
    ]
  }
>
  <Text
    numberOfLines={1}
    style={
      {
        "color": "#000000",
        "fontFamily": undefined,
        "fontSize": 14,
        "fontWeight": "600",
        "lineHeight": 19,
        "textAlign": "left",
      }
    }
  >
    Thinking…
  </Text>
  <View
    pointerEvents="none"
    style={
      {
        "bottom": 0,
        "left": 0,
        "overflow": "hidden",
        "position": "absolute",
        "right": 0,
        "top": 0,
      }
    }
  >
    <View
      style={
        [
          {
            "bottom": 0,
            "left": 0,
            "position": "absolute",
            "top": 0,
          },
          {
            "width": 340,
          },
          {},
        ]
      }
    >
      <LinearGradient
        colors={
          [
            "rgba(255, 255, 255, 0.4863)",
            "rgba(255, 255, 255, 0.4863)",
            "rgba(255, 255, 255, 0)",
            "rgba(255, 255, 255, 0.4863)",
            "rgba(255, 255, 255, 0.4863)",
          ]
        }
        end={
          {
            "x": 1,
            "y": 0,
          }
        }
        locations={
          [
            0,
            0.4117647058823529,
            0.5,
            0.5882352941176471,
            1,
          ]
        }
        start={
          {
            "x": 0,
            "y": 0,
          }
        }
        style={
          {
            "flex": 1,
          }
        }
      />
    </View>
  </View>
</View>
`;
