// Jest Snapshot v1, https://goo.gl/fbAQLP

exports[`renders correctly ChatScreen 1`] = `
<View
  style={
    [
      {
        "flex": 1,
        "paddingHorizontal": 16,
      },
      {
        "backgroundColor": "#FFFFFF",
      },
    ]
  }
>
  <View
    style={
      {
        "alignItems": "center",
        "alignSelf": "center",
        "flex": 1,
        "justifyContent": "center",
      }
    }
  >
    <PlatformIcon
      androidIconName="chat_bubble"
      color="#c1c1c1"
      iosIconName="bubble.fill"
      size={48}
    />
    <Text
      style={
        [
          {
            "paddingTop": 10,
          },
          {
            "color": "#7c7c7c",
          },
        ]
      }
    >
      components.emptyChat.startAChat
    </Text>
  </View>
  <InputBar
    isStreaming={false}
    onChangeText={[Function]}
    onSend={[Function]}
    onStop={[Function]}
    style={
      {
        "bottom": NaN,
      }
    }
    value=""
  />
</View>
`;
