// Jest Snapshot v1, https://goo.gl/fbAQLP

exports[`renders correctly SettingsScreen 1`] = `
<RCTScrollView
  contentInsetAdjustmentBehavior="automatic"
  style={
    [
      {
        "flex": 1,
        "paddingHorizontal": 16,
        "paddingTop": 16,
      },
      {
        "backgroundColor": "#FFFFFF",
      },
    ]
  }
>
  <View>
    <Text>
      screens.settings.app
    </Text>
    <ListItem
      androidIconName="layers"
      iconBackgroundColor="#5856D6"
      iosIconName="square.stack.3d.up.fill"
      onPress={[Function]}
      subtitle="screens.settings.manageYourModels"
      title="screens.settings.models"
    />
    <ListItem
      androidIconName="tune"
      iconBackgroundColor="#007AFF"
      iosIconName="slider.horizontal.3"
      onPress={[Function]}
      subtitle="screens.settings.customizeSubtitle"
      title="screens.settings.customize"
    />
    <Text
      style={
        {
          "paddingTop": 20,
        }
      }
    >
      screens.settings.about
    </Text>
    <ListItem
      androidIconName="description"
      iconBackgroundColor="#FF9500"
      iosIconName="doc.text.fill"
      onPress={[Function]}
      subtitle="screens.settings.termsSubtitle"
      title="screens.settings.terms"
    />
    <ListItem
      androidIconName="privacy_tip"
      iconBackgroundColor="#34C759"
      iosIconName="lock.shield.fill"
      onPress={[Function]}
      subtitle="screens.settings.privacyPolicySubtitle"
      title="screens.settings.privacyPolicy"
    />
    <View
      style={
        {
          "flexDirection": "row",
          "flexWrap": "wrap",
          "gap": 8,
          "marginTop": 64,
        }
      }
    >
      <Button
        icon={
          {
            "androidIconName": "public",
            "iosIconName": "globe",
          }
        }
        onPress={[Function]}
        small={true}
        title="screens.settings.website"
        variant="outline"
      />
      <Button
        icon={
          {
            "androidIconName": "code",
            "iosIconName": "chevron.left.forwardslash.chevron.right",
          }
        }
        onPress={[Function]}
        small={true}
        title="screens.settings.github"
        variant="outline"
      />
    </View>
    <Text
      bold={true}
      style={
        {
          "paddingTop": 20,
        }
      }
      variant="h3"
    >
      NobodyWho Chat
    </Text>
    <Text
      style={
        {
          "paddingTop": 8,
        }
      }
      variant="body2"
    >
      version 1.0.0 - build 1
    </Text>
  </View>
</RCTScrollView>
`;
